============================= test session starts =============================
platform win32 -- Python 3.12.10, pytest-7.4.4, pluggy-1.6.0 -- C:\Users\LENOVO\Documents\africa-offline-os\aos_venv\Scripts\python.exe
cachedir: .pytest_cache
rootdir: C:\Users\LENOVO\Documents\africa-offline-os
configfile: pyproject.toml
plugins: anyio-4.12.0, asyncio-0.23.8, cov-4.1.0
asyncio: mode=Mode.AUTO
collecting ... collected 2 items

aos/tests/test_api/test_stream.py::test_stream_connection 
